2026-08-20 13:10:50 0 [Note] Starting MariaDB 10.4.32-MariaDB source revision c4143f909528e3fab0677a28631d10389354c491 as process 16828
2026-08-20 13:10:50 0 [ERROR] mysqld.exe: File 'C:\xampp\mysql\data\aria_log_control' not found (Errcode: 13 "Permission denied")
2026-08-20 13:10:50 0 [ERROR] mysqld.exe: Got error 'Can't open file' when trying to use aria control file 'C:\xampp\mysql\data\aria_log_control'
2026-08-20 13:10:50 0 [ERROR] Plugin 'Aria' registration as a STORAGE ENGINE failed.
2026-08-20 13:10:50 0 [ERROR] InnoDB: The innodb_system data file 'ibdata1' must be writable
2026-08-20 13:10:50 0 [ERROR] InnoDB: The innodb_system data file 'ibdata1' must be writable
2026-08-20 13:10:50 0 [ERROR] Plugin 'InnoDB' registration as a STORAGE ENGINE failed.
2026-08-20 13:10:50 0 [Note] Plugin 'FEEDBACK' is disabled.
2026-08-20 13:10:50 0 [ERROR] Could not open mysql.plugin table. Some plugins may be not loaded
2026-08-20 13:10:50 0 [ERROR] Failed to initialize plugins.
2026-08-20 13:10:50 0 [ERROR] Aborting
2026-08-20 13:11:49 0 [Note] Starting MariaDB 10.4.32-MariaDB source revision c4143f909528e3fab0677a28631d10389354c491 as process 36072
2026-08-20 13:11:49 0 [Note] InnoDB: Mutexes and rw_locks use Windows interlocked functions
2026-08-20 13:11:49 0 [Note] InnoDB: Uses event mutexes
2026-08-20 13:11:49 0 [Note] InnoDB: Compressed tables use zlib 1.3
2026-08-20 13:11:49 0 [Note] InnoDB: Number of pools: 1
2026-08-20 13:11:49 0 [Note] InnoDB: Using SSE2 crc32 instructions
2026-08-20 13:11:49 0 [Note] InnoDB: Initializing buffer pool, total size = 128M, instances = 1, chunk size = 128M
2026-08-20 13:11:49 0 [Note] InnoDB: Completed initialization of buffer pool
2026-08-20 13:11:49 0 [Note] InnoDB: 128 out of 128 rollback segments are active.
2026-08-20 13:11:49 0 [Note] InnoDB: Creating shared tablespace for temporary tables
2026-08-20 13:11:49 0 [Note] InnoDB: Setting file '.\ibtmp1' size to 12 MB. Physically writing the file full; Please wait ...
2026-08-20 13:11:49 0 [Note] InnoDB: File '.\ibtmp1' size is now 12 MB.
2026-08-20 13:11:49 0 [Note] InnoDB: Waiting for purge to start
2026-08-20 13:11:49 0 [Note] InnoDB: 10.4.32 started; log sequence number 60943; transaction id 20
2026-08-20 13:11:49 0 [Note] InnoDB: Loading buffer pool(s) from C:\projects\toy-joy-phase-1-documentation\.qa-mariadb-3307\data2\ib_buffer_pool
2026-08-20 13:11:49 0 [Note] Plugin 'FEEDBACK' is disabled.
2026-08-20 13:11:49 0 [Note] Server socket created on IP: '127.0.0.1'.
2026-08-20 13:11:49 0 [ERROR] Can't start server: Bind on TCP/IP port. Got error: 10048: Only one usage of each socket address (protocol/network address/port) is normally permitted.

2026-08-20 13:11:49 0 [ERROR] Do you already have another mysqld server running on port: 3307 ?
2026-08-20 13:11:49 0 [ERROR] Aborting
